{"model":"/tmp/repos/text-to-cad/models/w16/src/covers.py","parent":null,"state":"building","phase":"generate","progress":null,"elapsed":0.0}
{"model":"/tmp/repos/text-to-cad/models/w16/src/covers.py","parent":null,"state":"building","phase":"Building geometry","progress":null,"elapsed":0.0}
{"model":"/tmp/repos/text-to-cad/models/w16/src/covers.py","parent":null,"state":"building","phase":"Collecting parts","progress":null,"elapsed":40.444}
{"model":"/tmp/repos/text-to-cad/models/w16/src/covers.py","parent":null,"state":"building","phase":"Meshing components","progress":[0,56],"elapsed":40.467}
{"model":"/tmp/repos/text-to-cad/models/w16/src/covers.py","parent":null,"state":"building","phase":"Meshing components","progress":[1,56],"elapsed":42.316}
{"model":"/tmp/repos/text-to-cad/models/w16/src/covers.py","parent":null,"state":"building","phase":"Meshing components","progress":[2,56],"elapsed":42.361}
{"model":"/tmp/repos/text-to-cad/models/w16/src/covers.py","parent":null,"state":"building","phase":"Meshing components","progress":[3,56],"elapsed":42.371}
{"model":"/tmp/repos/text-to-cad/models/w16/src/covers.py","parent":null,"state":"building","phase":"Meshing components","progress":[4,56],"elapsed":42.378}
{"model":"/tmp/repos/text-to-cad/models/w16/src/covers.py","parent":null,"state":"building","phase":"Meshing components","progress":[5,56],"elapsed":42.383}
{"model":"/tmp/repos/text-to-cad/models/w16/src/covers.py","parent":null,"state":"building","phase":"Meshing components","progress":[6,56],"elapsed":42.384}
{"model":"/tmp/repos/text-to-cad/models/w16/src/covers.py","parent":null,"state":"building","phase":"Meshing components","progress":[7,56],"elapsed":42.387}
{"model":"/tmp/repos/text-to-cad/models/w16/src/covers.py","parent":null,"state":"building","phase":"Meshing components","progress":[8,56],"elapsed":42.39}
{"model":"/tmp/repos/text-to-cad/models/w16/src/covers.py","parent":null,"state":"building","phase":"Meshing components","progress":[9,56],"elapsed":42.393}
{"model":"/tmp/repos/text-to-cad/models/w16/src/covers.py","parent":null,"state":"building","phase":"Meshing components","progress":[10,56],"elapsed":42.396}
{"model":"/tmp/repos/text-to-cad/models/w16/src/covers.py","parent":null,"state":"building","phase":"Meshing components","progress":[11,56],"elapsed":42.399}
{"model":"/tmp/repos/text-to-cad/models/w16/src/covers.py","parent":null,"state":"building","phase":"Meshing components","progress":[12,56],"elapsed":42.404}
{"model":"/tmp/repos/text-to-cad/models/w16/src/covers.py","parent":null,"state":"building","phase":"Meshing components","progress":[13,56],"elapsed":42.412}
{"model":"/tmp/repos/text-to-cad/models/w16/src/covers.py","parent":null,"state":"building","phase":"Meshing components","progress":[14,56],"elapsed":42.421}
{"model":"/tmp/repos/text-to-cad/models/w16/src/covers.py","parent":null,"state":"building","phase":"Meshing components","progress":[15,56],"elapsed":42.429}
{"model":"/tmp/repos/text-to-cad/models/w16/src/covers.py","parent":null,"state":"building","phase":"Meshing components","progress":[16,56],"elapsed":42.437}
{"model":"/tmp/repos/text-to-cad/models/w16/src/covers.py","parent":null,"state":"building","phase":"Meshing components","progress":[17,56],"elapsed":42.445}
{"model":"/tmp/repos/text-to-cad/models/w16/src/covers.py","parent":null,"state":"building","phase":"Meshing components","progress":[18,56],"elapsed":42.453}
{"model":"/tmp/repos/text-to-cad/models/w16/src/covers.py","parent":null,"state":"building","phase":"Meshing components","progress":[19,56],"elapsed":42.518}
{"model":"/tmp/repos/text-to-cad/models/w16/src/covers.py","parent":null,"state":"building","phase":"Meshing components","progress":[20,56],"elapsed":42.525}
{"model":"/tmp/repos/text-to-cad/models/w16/src/covers.py","parent":null,"state":"building","phase":"Meshing components","progress":[21,56],"elapsed":42.532}
{"model":"/tmp/repos/text-to-cad/models/w16/src/covers.py","parent":null,"state":"building","phase":"Meshing components","progress":[22,56],"elapsed":42.543}
{"model":"/tmp/repos/text-to-cad/models/w16/src/covers.py","parent":null,"state":"building","phase":"Meshing components","progress":[23,56],"elapsed":42.554}
{"model":"/tmp/repos/text-to-cad/models/w16/src/covers.py","parent":null,"state":"building","phase":"Meshing components","progress":[24,56],"elapsed":42.556}
{"model":"/tmp/repos/text-to-cad/models/w16/src/covers.py","parent":null,"state":"building","phase":"Meshing components","progress":[25,56],"elapsed":42.558}
{"model":"/tmp/repos/text-to-cad/models/w16/src/covers.py","parent":null,"state":"building","phase":"Meshing components","progress":[26,56],"elapsed":42.56}
{"model":"/tmp/repos/text-to-cad/models/w16/src/covers.py","parent":null,"state":"building","phase":"Meshing components","progress":[27,56],"elapsed":42.566}
{"model":"/tmp/repos/text-to-cad/models/w16/src/covers.py","parent":null,"state":"building","phase":"Meshing components","progress":[28,56],"elapsed":42.572}
{"model":"/tmp/repos/text-to-cad/models/w16/src/covers.py","parent":null,"state":"building","phase":"Meshing components","progress":[29,56],"elapsed":42.617}
{"model":"/tmp/repos/text-to-cad/models/w16/src/covers.py","parent":null,"state":"building","phase":"Meshing components","progress":[30,56],"elapsed":42.626}
{"model":"/tmp/repos/text-to-cad/models/w16/src/covers.py","parent":null,"state":"building","phase":"Meshing components","progress":[31,56],"elapsed":42.644}
{"model":"/tmp/repos/text-to-cad/models/w16/src/covers.py","parent":null,"state":"building","phase":"Meshing components","progress":[32,56],"elapsed":42.703}
{"model":"/tmp/repos/text-to-cad/models/w16/src/covers.py","parent":null,"state":"building","phase":"Meshing components","progress":[33,56],"elapsed":42.763}
{"model":"/tmp/repos/text-to-cad/models/w16/src/covers.py","parent":null,"state":"building","phase":"Meshing components","progress":[34,56],"elapsed":42.765}
{"model":"/tmp/repos/text-to-cad/models/w16/src/covers.py","parent":null,"state":"building","phase":"Meshing components","progress":[35,56],"elapsed":42.767}
{"model":"/tmp/repos/text-to-cad/models/w16/src/covers.py","parent":null,"state":"building","phase":"Meshing components","progress":[36,56],"elapsed":42.77}
{"model":"/tmp/repos/text-to-cad/models/w16/src/covers.py","parent":null,"state":"building","phase":"Meshing components","progress":[37,56],"elapsed":42.773}
{"model":"/tmp/repos/text-to-cad/models/w16/src/covers.py","parent":null,"state":"building","phase":"Meshing components","progress":[38,56],"elapsed":42.776}
{"model":"/tmp/repos/text-to-cad/models/w16/src/covers.py","parent":null,"state":"building","phase":"Meshing components","progress":[39,56],"elapsed":42.779}
{"model":"/tmp/repos/text-to-cad/models/w16/src/covers.py","parent":null,"state":"building","phase":"Meshing components","progress":[40,56],"elapsed":42.782}
{"model":"/tmp/repos/text-to-cad/models/w16/src/covers.py","parent":null,"state":"building","phase":"Meshing components","progress":[41,56],"elapsed":42.785}
{"model":"/tmp/repos/text-to-cad/models/w16/src/covers.py","parent":null,"state":"building","phase":"Meshing components","progress":[42,56],"elapsed":42.788}
{"model":"/tmp/repos/text-to-cad/models/w16/src/covers.py","parent":null,"state":"building","phase":"Meshing components","progress":[43,56],"elapsed":42.791}
{"model":"/tmp/repos/text-to-cad/models/w16/src/covers.py","parent":null,"state":"building","phase":"Meshing components","progress":[44,56],"elapsed":42.798}
{"model":"/tmp/repos/text-to-cad/models/w16/src/covers.py","parent":null,"state":"building","phase":"Meshing components","progress":[45,56],"elapsed":42.882}
{"model":"/tmp/repos/text-to-cad/models/w16/src/covers.py","parent":null,"state":"building","phase":"Meshing components","progress":[46,56],"elapsed":42.889}
{"model":"/tmp/repos/text-to-cad/models/w16/src/covers.py","parent":null,"state":"building","phase":"Meshing components","progress":[47,56],"elapsed":42.895}
{"model":"/tmp/repos/text-to-cad/models/w16/src/covers.py","parent":null,"state":"building","phase":"Meshing components","progress":[48,56],"elapsed":42.902}
{"model":"/tmp/repos/text-to-cad/models/w16/src/covers.py","parent":null,"state":"building","phase":"Meshing components","progress":[49,56],"elapsed":42.912}
{"model":"/tmp/repos/text-to-cad/models/w16/src/covers.py","parent":null,"state":"building","phase":"Meshing components","progress":[50,56],"elapsed":42.913}
{"model":"/tmp/repos/text-to-cad/models/w16/src/covers.py","parent":null,"state":"building","phase":"Meshing components","progress":[51,56],"elapsed":42.915}
{"model":"/tmp/repos/text-to-cad/models/w16/src/covers.py","parent":null,"state":"building","phase":"Meshing components","progress":[52,56],"elapsed":42.917}
{"model":"/tmp/repos/text-to-cad/models/w16/src/covers.py","parent":null,"state":"building","phase":"Meshing components","progress":[53,56],"elapsed":42.923}
{"model":"/tmp/repos/text-to-cad/models/w16/src/covers.py","parent":null,"state":"building","phase":"Meshing components","progress":[54,56],"elapsed":42.929}
{"model":"/tmp/repos/text-to-cad/models/w16/src/covers.py","parent":null,"state":"building","phase":"Meshing components","progress":[55,56],"elapsed":42.968}
{"model":"/tmp/repos/text-to-cad/models/w16/src/covers.py","parent":null,"state":"building","phase":"Meshing components","progress":[56,56],"elapsed":43.125}
{"model":"/tmp/repos/text-to-cad/models/w16/src/covers.py","parent":null,"state":"building","phase":"Writing outputs","progress":null,"elapsed":43.458}
{"model":"/tmp/repos/text-to-cad/models/w16/src/covers.py","parent":null,"state":"done","phase":"Writing outputs","progress":null,"elapsed":44.262}
[cadgen] wrote STEP: STEP/covers.step
built STEP/covers.step
